in_source: |
  (print "Hello, world!")
in_stdin: |

out_code: |-
  [
    {
      "tag": "INSTRUCTION",
      "instr": {
        "op": "jmp",
        "arg": {
          "tag": "*",
          "val": 17
        },
        "desc": "'start' function"
      }
    },
    {
      "tag": "INSTRUCTION",
      "instr": {
        "op": "push"
      }
    },
    {
      "tag": "INSTRUCTION",
      "instr": {
        "op": "ld",
        "arg": {
          "tag": "#",
          "val": 0
        }
      }
    },
    {
      "tag": "INSTRUCTION",
      "instr": {
        "op": "push"
      }
    },
    {
      "tag": "INSTRUCTION",
      "instr": {
        "op": "ld",
        "arg": {
          "tag": "**spr",
          "val": 1
        }
      }
    },
    {
      "tag": "INSTRUCTION",
      "instr": {
        "op": "cmp",
        "arg": {
          "tag": "#",
          "val": 0
        }
      }
    },
    {
      "tag": "INSTRUCTION",
      "instr": {
        "op": "jme",
        "arg": {
          "tag": "*ipr",
          "val": 8
        }
      }
    },
    {
      "tag": "INSTRUCTION",
      "instr": {
        "op": "st",
        "arg": {
          "tag": "*",
          "val": 5556
        }
      }
    },
    {
      "tag": "INSTRUCTION",
      "instr": {
        "op": "inc",
        "arg": {
          "tag": "*spr",
          "val": 1
        }
      }
    },
    {
      "tag": "INSTRUCTION",
      "instr": {
        "op": "inc",
        "arg": {
          "tag": "*spr",
          "val": 0
        }
      }
    },
    {
      "tag": "INSTRUCTION",
      "instr": {
        "op": "ld",
        "arg": {
          "tag": "*spr",
          "val": 0
        }
      }
    },
    {
      "tag": "INSTRUCTION",
      "instr": {
        "op": "cmp",
        "arg": {
          "tag": "#",
          "val": 128
        }
      }
    },
    {
      "tag": "INSTRUCTION",
      "instr": {
        "op": "jme",
        "arg": {
          "tag": "*ipr",
          "val": 2
        }
      }
    },
    {
      "tag": "INSTRUCTION",
      "instr": {
        "op": "jmp",
        "arg": {
          "tag": "*ipr",
          "val": -9
        }
      }
    },
    {
      "tag": "INSTRUCTION",
      "instr": {
        "op": "pop"
      }
    },
    {
      "tag": "INSTRUCTION",
      "instr": {
        "op": "popn"
      }
    },
    {
      "tag": "INSTRUCTION",
      "instr": {
        "op": "ret"
      }
    },
    {
      "tag": "INSTRUCTION",
      "instr": {
        "op": "ld",
        "arg": {
          "tag": "#",
          "val": 20
        },
        "desc": "'Hello, world!' const"
      }
    },
    {
      "tag": "INSTRUCTION",
      "instr": {
        "op": "call",
        "arg": {
          "tag": "*",
          "val": 1
        },
        "desc": "'print' function"
      }
    },
    {
      "tag": "INSTRUCTION",
      "instr": {
        "op": "halt"
      }
    },
    {
      "tag": "BINARY",
      "val": "H"
    },
    {
      "tag": "BINARY",
      "val": "e"
    },
    {
      "tag": "BINARY",
      "val": "l"
    },
    {
      "tag": "BINARY",
      "val": "l"
    },
    {
      "tag": "BINARY",
      "val": "o"
    },
    {
      "tag": "BINARY",
      "val": ","
    },
    {
      "tag": "BINARY",
      "val": " "
    },
    {
      "tag": "BINARY",
      "val": "w"
    },
    {
      "tag": "BINARY",
      "val": "o"
    },
    {
      "tag": "BINARY",
      "val": "r"
    },
    {
      "tag": "BINARY",
      "val": "l"
    },
    {
      "tag": "BINARY",
      "val": "d"
    },
    {
      "tag": "BINARY",
      "val": "!"
    },
    {
      "tag": "BINARY",
      "val": "\u0000"
    }
  ]

out_stdout: |
  LoC: 2 code instr: 20
  Hello, world!
out_log: |
  DEBUG   machine:execute_next_instruction tick=0    acr=0x0 ipr=0x0 adr=0x0 dar=0x0 spr=0x1fff flr=0x0 stack_top=?
  DEBUG   machine:execute_next_instruction JUMP
  DEBUG   machine:execute_next_instruction tick=1    acr=0x0 ipr=0x11 adr=0x0 dar=0x0 spr=0x1fff flr=0x0 stack_top=?
  DEBUG   machine:execute_next_instruction LOAD
  DEBUG   machine:execute_next_instruction tick=3    acr=0x14 ipr=0x12 adr=0x0 dar=0x14 spr=0x1fff flr=0x0 stack_top=?
  DEBUG   machine:execute_next_instruction CALL
  DEBUG   machine:execute_next_instruction tick=7    acr=0x14 ipr=0x1 adr=0x1ffe dar=0x13 spr=0x1ffe flr=0x0 stack_top=0x13
  DEBUG   machine:execute_next_instruction PUSH
  DEBUG   machine:execute_next_instruction tick=10   acr=0x14 ipr=0x2 adr=0x1ffd dar=0x14 spr=0x1ffd flr=0x0 stack_top=0x14
  DEBUG   machine:execute_next_instruction LOAD
  DEBUG   machine:execute_next_instruction tick=12   acr=0x0 ipr=0x3 adr=0x1ffd dar=0x0 spr=0x1ffd flr=0x0 stack_top=0x14
  DEBUG   machine:execute_next_instruction PUSH
  DEBUG   machine:execute_next_instruction tick=15   acr=0x0 ipr=0x4 adr=0x1ffc dar=0x0 spr=0x1ffc flr=0x0 stack_top=0x0
  DEBUG   machine:execute_next_instruction LOAD
  DEBUG   machine:execute_next_instruction tick=20   acr=0x48 ipr=0x5 adr=0x14 dar=0x48 spr=0x1ffc flr=0x0 stack_top=0x0
  DEBUG   machine:execute_next_instruction COMPARE
  DEBUG   machine:execute_next_instruction tick=22   acr=0x48 ipr=0x6 adr=0x14 dar=0x0 spr=0x1ffc flr=0x1 stack_top=0x0
  DEBUG   machine:execute_next_instruction JUMP_EQUAL
  DEBUG   machine:execute_next_instruction tick=23   acr=0x48 ipr=0x7 adr=0x14 dar=0x0 spr=0x1ffc flr=0x1 stack_top=0x0
  DEBUG   machine:execute_next_instruction STORE
  DEBUG   machine:signal_write_memory output: '' <- 'H'
  DEBUG   machine:execute_next_instruction tick=26   acr=0x48 ipr=0x8 adr=0x15b4 dar=0x48 spr=0x1ffc flr=0x1 stack_top=0x0
  DEBUG   machine:execute_next_instruction INCREMENT
  DEBUG   machine:execute_next_instruction tick=30   acr=0x48 ipr=0x9 adr=0x1ffd dar=0x15 spr=0x1ffc flr=0x1 stack_top=0x0
  DEBUG   machine:execute_next_instruction INCREMENT
  DEBUG   machine:execute_next_instruction tick=34   acr=0x48 ipr=0xa adr=0x1ffc dar=0x1 spr=0x1ffc flr=0x1 stack_top=0x1
  DEBUG   machine:execute_next_instruction LOAD
  DEBUG   machine:execute_next_instruction tick=37   acr=0x1 ipr=0xb adr=0x1ffc dar=0x1 spr=0x1ffc flr=0x1 stack_top=0x1
  DEBUG   machine:execute_next_instruction COMPARE
  DEBUG   machine:execute_next_instruction tick=39   acr=0x1 ipr=0xc adr=0x1ffc dar=0x80 spr=0x1ffc flr=0x8 stack_top=0x1
  DEBUG   machine:execute_next_instruction JUMP_EQUAL
  DEBUG   machine:execute_next_instruction tick=40   acr=0x1 ipr=0xd adr=0x1ffc dar=0x80 spr=0x1ffc flr=0x8 stack_top=0x1
  DEBUG   machine:execute_next_instruction JUMP
  DEBUG   machine:execute_next_instruction tick=42   acr=0x1 ipr=0x4 adr=0xd dar=0x80 spr=0x1ffc flr=0x8 stack_top=0x1
  DEBUG   machine:execute_next_instruction LOAD
  DEBUG   machine:execute_next_instruction tick=47   acr=0x65 ipr=0x5 adr=0x15 dar=0x65 spr=0x1ffc flr=0x8 stack_top=0x1
  DEBUG   machine:execute_next_instruction COMPARE
  DEBUG   machine:execute_next_instruction tick=49   acr=0x65 ipr=0x6 adr=0x15 dar=0x0 spr=0x1ffc flr=0x1 stack_top=0x1
  DEBUG   machine:execute_next_instruction JUMP_EQUAL
  DEBUG   machine:execute_next_instruction tick=50   acr=0x65 ipr=0x7 adr=0x15 dar=0x0 spr=0x1ffc flr=0x1 stack_top=0x1
  DEBUG   machine:execute_next_instruction STORE
  DEBUG   machine:signal_write_memory output: 'H' <- 'e'
  DEBUG   machine:execute_next_instruction tick=53   acr=0x65 ipr=0x8 adr=0x15b4 dar=0x65 spr=0x1ffc flr=0x1 stack_top=0x1
  DEBUG   machine:execute_next_instruction INCREMENT
  DEBUG   machine:execute_next_instruction tick=57   acr=0x65 ipr=0x9 adr=0x1ffd dar=0x16 spr=0x1ffc flr=0x1 stack_top=0x1
  DEBUG   machine:execute_next_instruction INCREMENT
  DEBUG   machine:execute_next_instruction tick=61   acr=0x65 ipr=0xa adr=0x1ffc dar=0x2 spr=0x1ffc flr=0x1 stack_top=0x2
  DEBUG   machine:execute_next_instruction LOAD
  DEBUG   machine:execute_next_instruction tick=64   acr=0x2 ipr=0xb adr=0x1ffc dar=0x2 spr=0x1ffc flr=0x1 stack_top=0x2
  DEBUG   machine:execute_next_instruction COMPARE
  DEBUG   machine:execute_next_instruction tick=66   acr=0x2 ipr=0xc adr=0x1ffc dar=0x80 spr=0x1ffc flr=0x8 stack_top=0x2
  DEBUG   machine:execute_next_instruction JUMP_EQUAL
  DEBUG   machine:execute_next_instruction tick=67   acr=0x2 ipr=0xd adr=0x1ffc dar=0x80 spr=0x1ffc flr=0x8 stack_top=0x2
  DEBUG   machine:execute_next_instruction JUMP
  DEBUG   machine:execute_next_instruction tick=69   acr=0x2 ipr=0x4 adr=0xd dar=0x80 spr=0x1ffc flr=0x8 stack_top=0x2
  DEBUG   machine:execute_next_instruction LOAD
  DEBUG   machine:execute_next_instruction tick=74   acr=0x6c ipr=0x5 adr=0x16 dar=0x6c spr=0x1ffc flr=0x8 stack_top=0x2
  DEBUG   machine:execute_next_instruction COMPARE
  DEBUG   machine:execute_next_instruction tick=76   acr=0x6c ipr=0x6 adr=0x16 dar=0x0 spr=0x1ffc flr=0x1 stack_top=0x2
  DEBUG   machine:execute_next_instruction JUMP_EQUAL
  DEBUG   machine:execute_next_instruction tick=77   acr=0x6c ipr=0x7 adr=0x16 dar=0x0 spr=0x1ffc flr=0x1 stack_top=0x2
  DEBUG   machine:execute_next_instruction STORE
  DEBUG   machine:signal_write_memory output: 'He' <- 'l'
  DEBUG   machine:execute_next_instruction tick=80   acr=0x6c ipr=0x8 adr=0x15b4 dar=0x6c spr=0x1ffc flr=0x1 stack_top=0x2
  DEBUG   machine:execute_next_instruction INCREMENT
  DEBUG   machine:execute_next_instruction tick=84   acr=0x6c ipr=0x9 adr=0x1ffd dar=0x17 spr=0x1ffc flr=0x1 stack_top=0x2
  DEBUG   machine:execute_next_instruction INCREMENT
  DEBUG   machine:execute_next_instruction tick=88   acr=0x6c ipr=0xa adr=0x1ffc dar=0x3 spr=0x1ffc flr=0x1 stack_top=0x3
  DEBUG   machine:execute_next_instruction LOAD
  DEBUG   machine:execute_next_instruction tick=91   acr=0x3 ipr=0xb adr=0x1ffc dar=0x3 spr=0x1ffc flr=0x1 stack_top=0x3
  DEBUG   machine:execute_next_instruction COMPARE
  DEBUG   machine:execute_next_instruction tick=93   acr=0x3 ipr=0xc adr=0x1ffc dar=0x80 spr=0x1ffc flr=0x8 stack_top=0x3
  DEBUG   machine:execute_next_instruction JUMP_EQUAL
  DEBUG   machine:execute_next_instruction tick=94   acr=0x3 ipr=0xd adr=0x1ffc dar=0x80 spr=0x1ffc flr=0x8 stack_top=0x3
  DEBUG   machine:execute_next_instruction JUMP
  DEBUG   machine:execute_next_instruction tick=96   acr=0x3 ipr=0x4 adr=0xd dar=0x80 spr=0x1ffc flr=0x8 stack_top=0x3
  DEBUG   machine:execute_next_instruction LOAD
  DEBUG   machine:execute_next_instruction tick=101  acr=0x6c ipr=0x5 adr=0x17 dar=0x6c spr=0x1ffc flr=0x8 stack_top=0x3
  DEBUG   machine:execute_next_instruction COMPARE
  DEBUG   machine:execute_next_instruction tick=103  acr=0x6c ipr=0x6 adr=0x17 dar=0x0 spr=0x1ffc flr=0x1 stack_top=0x3
  DEBUG   machine:execute_next_instruction JUMP_EQUAL
  DEBUG   machine:execute_next_instruction tick=104  acr=0x6c ipr=0x7 adr=0x17 dar=0x0 spr=0x1ffc flr=0x1 stack_top=0x3
  DEBUG   machine:execute_next_instruction STORE
  DEBUG   machine:signal_write_memory output: 'Hel' <- 'l'
  DEBUG   machine:execute_next_instruction tick=107  acr=0x6c ipr=0x8 adr=0x15b4 dar=0x6c spr=0x1ffc flr=0x1 stack_top=0x3
  DEBUG   machine:execute_next_instruction INCREMENT
  DEBUG   machine:execute_next_instruction tick=111  acr=0x6c ipr=0x9 adr=0x1ffd dar=0x18 spr=0x1ffc flr=0x1 stack_top=0x3
  DEBUG   machine:execute_next_instruction INCREMENT
  DEBUG   machine:execute_next_instruction tick=115  acr=0x6c ipr=0xa adr=0x1ffc dar=0x4 spr=0x1ffc flr=0x1 stack_top=0x4
  DEBUG   machine:execute_next_instruction LOAD
  DEBUG   machine:execute_next_instruction tick=118  acr=0x4 ipr=0xb adr=0x1ffc dar=0x4 spr=0x1ffc flr=0x1 stack_top=0x4
  DEBUG   machine:execute_next_instruction COMPARE
  DEBUG   machine:execute_next_instruction tick=120  acr=0x4 ipr=0xc adr=0x1ffc dar=0x80 spr=0x1ffc flr=0x8 stack_top=0x4
  DEBUG   machine:execute_next_instruction JUMP_EQUAL
  DEBUG   machine:execute_next_instruction tick=121  acr=0x4 ipr=0xd adr=0x1ffc dar=0x80 spr=0x1ffc flr=0x8 stack_top=0x4
  DEBUG   machine:execute_next_instruction JUMP
  DEBUG   machine:execute_next_instruction tick=123  acr=0x4 ipr=0x4 adr=0xd dar=0x80 spr=0x1ffc flr=0x8 stack_top=0x4
  DEBUG   machine:execute_next_instruction LOAD
  DEBUG   machine:execute_next_instruction tick=128  acr=0x6f ipr=0x5 adr=0x18 dar=0x6f spr=0x1ffc flr=0x8 stack_top=0x4
  DEBUG   machine:execute_next_instruction COMPARE
  DEBUG   machine:execute_next_instruction tick=130  acr=0x6f ipr=0x6 adr=0x18 dar=0x0 spr=0x1ffc flr=0x1 stack_top=0x4
  DEBUG   machine:execute_next_instruction JUMP_EQUAL
  DEBUG   machine:execute_next_instruction tick=131  acr=0x6f ipr=0x7 adr=0x18 dar=0x0 spr=0x1ffc flr=0x1 stack_top=0x4
  DEBUG   machine:execute_next_instruction STORE
  DEBUG   machine:signal_write_memory output: 'Hell' <- 'o'
  DEBUG   machine:execute_next_instruction tick=134  acr=0x6f ipr=0x8 adr=0x15b4 dar=0x6f spr=0x1ffc flr=0x1 stack_top=0x4
  DEBUG   machine:execute_next_instruction INCREMENT
  DEBUG   machine:execute_next_instruction tick=138  acr=0x6f ipr=0x9 adr=0x1ffd dar=0x19 spr=0x1ffc flr=0x1 stack_top=0x4
  DEBUG   machine:execute_next_instruction INCREMENT
  DEBUG   machine:execute_next_instruction tick=142  acr=0x6f ipr=0xa adr=0x1ffc dar=0x5 spr=0x1ffc flr=0x1 stack_top=0x5
  DEBUG   machine:execute_next_instruction LOAD
  DEBUG   machine:execute_next_instruction tick=145  acr=0x5 ipr=0xb adr=0x1ffc dar=0x5 spr=0x1ffc flr=0x1 stack_top=0x5
  DEBUG   machine:execute_next_instruction COMPARE
  DEBUG   machine:execute_next_instruction tick=147  acr=0x5 ipr=0xc adr=0x1ffc dar=0x80 spr=0x1ffc flr=0x8 stack_top=0x5
  DEBUG   machine:execute_next_instruction JUMP_EQUAL
  DEBUG   machine:execute_next_instruction tick=148  acr=0x5 ipr=0xd adr=0x1ffc dar=0x80 spr=0x1ffc flr=0x8 stack_top=0x5
  DEBUG   machine:execute_next_instruction JUMP
  DEBUG   machine:execute_next_instruction tick=150  acr=0x5 ipr=0x4 adr=0xd dar=0x80 spr=0x1ffc flr=0x8 stack_top=0x5
  DEBUG   machine:execute_next_instruction LOAD
  DEBUG   machine:execute_next_instruction tick=155  acr=0x2c ipr=0x5 adr=0x19 dar=0x2c spr=0x1ffc flr=0x8 stack_top=0x5
  DEBUG   machine:execute_next_instruction COMPARE
  DEBUG   machine:execute_next_instruction tick=157  acr=0x2c ipr=0x6 adr=0x19 dar=0x0 spr=0x1ffc flr=0x1 stack_top=0x5
  DEBUG   machine:execute_next_instruction JUMP_EQUAL
  DEBUG   machine:execute_next_instruction tick=158  acr=0x2c ipr=0x7 adr=0x19 dar=0x0 spr=0x1ffc flr=0x1 stack_top=0x5
  DEBUG   machine:execute_next_instruction STORE
  DEBUG   machine:signal_write_memory output: 'Hello' <- ','
  DEBUG   machine:execute_next_instruction tick=161  acr=0x2c ipr=0x8 adr=0x15b4 dar=0x2c spr=0x1ffc flr=0x1 stack_top=0x5
  DEBUG   machine:execute_next_instruction INCREMENT
  DEBUG   machine:execute_next_instruction tick=165  acr=0x2c ipr=0x9 adr=0x1ffd dar=0x1a spr=0x1ffc flr=0x1 stack_top=0x5
  DEBUG   machine:execute_next_instruction INCREMENT
  DEBUG   machine:execute_next_instruction tick=169  acr=0x2c ipr=0xa adr=0x1ffc dar=0x6 spr=0x1ffc flr=0x1 stack_top=0x6
  DEBUG   machine:execute_next_instruction LOAD
  DEBUG   machine:execute_next_instruction tick=172  acr=0x6 ipr=0xb adr=0x1ffc dar=0x6 spr=0x1ffc flr=0x1 stack_top=0x6
  DEBUG   machine:execute_next_instruction COMPARE
  DEBUG   machine:execute_next_instruction tick=174  acr=0x6 ipr=0xc adr=0x1ffc dar=0x80 spr=0x1ffc flr=0x8 stack_top=0x6
  DEBUG   machine:execute_next_instruction JUMP_EQUAL
  DEBUG   machine:execute_next_instruction tick=175  acr=0x6 ipr=0xd adr=0x1ffc dar=0x80 spr=0x1ffc flr=0x8 stack_top=0x6
  DEBUG   machine:execute_next_instruction JUMP
  DEBUG   machine:execute_next_instruction tick=177  acr=0x6 ipr=0x4 adr=0xd dar=0x80 spr=0x1ffc flr=0x8 stack_top=0x6
  DEBUG   machine:execute_next_instruction LOAD
  DEBUG   machine:execute_next_instruction tick=182  acr=0x20 ipr=0x5 adr=0x1a dar=0x20 spr=0x1ffc flr=0x8 stack_top=0x6
  DEBUG   machine:execute_next_instruction COMPARE
  DEBUG   machine:execute_next_instruction tick=184  acr=0x20 ipr=0x6 adr=0x1a dar=0x0 spr=0x1ffc flr=0x1 stack_top=0x6
  DEBUG   machine:execute_next_instruction JUMP_EQUAL
  DEBUG   machine:execute_next_instruction tick=185  acr=0x20 ipr=0x7 adr=0x1a dar=0x0 spr=0x1ffc flr=0x1 stack_top=0x6
  DEBUG   machine:execute_next_instruction STORE
  DEBUG   machine:signal_write_memory output: 'Hello,' <- ' '
  DEBUG   machine:execute_next_instruction tick=188  acr=0x20 ipr=0x8 adr=0x15b4 dar=0x20 spr=0x1ffc flr=0x1 stack_top=0x6
  DEBUG   machine:execute_next_instruction INCREMENT
  DEBUG   machine:execute_next_instruction tick=192  acr=0x20 ipr=0x9 adr=0x1ffd dar=0x1b spr=0x1ffc flr=0x1 stack_top=0x6
  DEBUG   machine:execute_next_instruction INCREMENT
  DEBUG   machine:execute_next_instruction tick=196  acr=0x20 ipr=0xa adr=0x1ffc dar=0x7 spr=0x1ffc flr=0x1 stack_top=0x7
  DEBUG   machine:execute_next_instruction LOAD
  DEBUG   machine:execute_next_instruction tick=199  acr=0x7 ipr=0xb adr=0x1ffc dar=0x7 spr=0x1ffc flr=0x1 stack_top=0x7
  DEBUG   machine:execute_next_instruction COMPARE
  DEBUG   machine:execute_next_instruction tick=201  acr=0x7 ipr=0xc adr=0x1ffc dar=0x80 spr=0x1ffc flr=0x8 stack_top=0x7
  DEBUG   machine:execute_next_instruction JUMP_EQUAL
  DEBUG   machine:execute_next_instruction tick=202  acr=0x7 ipr=0xd adr=0x1ffc dar=0x80 spr=0x1ffc flr=0x8 stack_top=0x7
  DEBUG   machine:execute_next_instruction JUMP
  DEBUG   machine:execute_next_instruction tick=204  acr=0x7 ipr=0x4 adr=0xd dar=0x80 spr=0x1ffc flr=0x8 stack_top=0x7
  DEBUG   machine:execute_next_instruction LOAD
  DEBUG   machine:execute_next_instruction tick=209  acr=0x77 ipr=0x5 adr=0x1b dar=0x77 spr=0x1ffc flr=0x8 stack_top=0x7
  DEBUG   machine:execute_next_instruction COMPARE
  DEBUG   machine:execute_next_instruction tick=211  acr=0x77 ipr=0x6 adr=0x1b dar=0x0 spr=0x1ffc flr=0x1 stack_top=0x7
  DEBUG   machine:execute_next_instruction JUMP_EQUAL
  DEBUG   machine:execute_next_instruction tick=212  acr=0x77 ipr=0x7 adr=0x1b dar=0x0 spr=0x1ffc flr=0x1 stack_top=0x7
  DEBUG   machine:execute_next_instruction STORE
  DEBUG   machine:signal_write_memory output: 'Hello, ' <- 'w'
  DEBUG   machine:execute_next_instruction tick=215  acr=0x77 ipr=0x8 adr=0x15b4 dar=0x77 spr=0x1ffc flr=0x1 stack_top=0x7
  DEBUG   machine:execute_next_instruction INCREMENT
  DEBUG   machine:execute_next_instruction tick=219  acr=0x77 ipr=0x9 adr=0x1ffd dar=0x1c spr=0x1ffc flr=0x1 stack_top=0x7
  DEBUG   machine:execute_next_instruction INCREMENT
  DEBUG   machine:execute_next_instruction tick=223  acr=0x77 ipr=0xa adr=0x1ffc dar=0x8 spr=0x1ffc flr=0x1 stack_top=0x8
  DEBUG   machine:execute_next_instruction LOAD
  DEBUG   machine:execute_next_instruction tick=226  acr=0x8 ipr=0xb adr=0x1ffc dar=0x8 spr=0x1ffc flr=0x1 stack_top=0x8
  DEBUG   machine:execute_next_instruction COMPARE
  DEBUG   machine:execute_next_instruction tick=228  acr=0x8 ipr=0xc adr=0x1ffc dar=0x80 spr=0x1ffc flr=0x8 stack_top=0x8
  DEBUG   machine:execute_next_instruction JUMP_EQUAL
  DEBUG   machine:execute_next_instruction tick=229  acr=0x8 ipr=0xd adr=0x1ffc dar=0x80 spr=0x1ffc flr=0x8 stack_top=0x8
  DEBUG   machine:execute_next_instruction JUMP
  DEBUG   machine:execute_next_instruction tick=231  acr=0x8 ipr=0x4 adr=0xd dar=0x80 spr=0x1ffc flr=0x8 stack_top=0x8
  DEBUG   machine:execute_next_instruction LOAD
  DEBUG   machine:execute_next_instruction tick=236  acr=0x6f ipr=0x5 adr=0x1c dar=0x6f spr=0x1ffc flr=0x8 stack_top=0x8
  DEBUG   machine:execute_next_instruction COMPARE
  DEBUG   machine:execute_next_instruction tick=238  acr=0x6f ipr=0x6 adr=0x1c dar=0x0 spr=0x1ffc flr=0x1 stack_top=0x8
  DEBUG   machine:execute_next_instruction JUMP_EQUAL
  DEBUG   machine:execute_next_instruction tick=239  acr=0x6f ipr=0x7 adr=0x1c dar=0x0 spr=0x1ffc flr=0x1 stack_top=0x8
  DEBUG   machine:execute_next_instruction STORE
  DEBUG   machine:signal_write_memory output: 'Hello, w' <- 'o'
  DEBUG   machine:execute_next_instruction tick=242  acr=0x6f ipr=0x8 adr=0x15b4 dar=0x6f spr=0x1ffc flr=0x1 stack_top=0x8
  DEBUG   machine:execute_next_instruction INCREMENT
  DEBUG   machine:execute_next_instruction tick=246  acr=0x6f ipr=0x9 adr=0x1ffd dar=0x1d spr=0x1ffc flr=0x1 stack_top=0x8
  DEBUG   machine:execute_next_instruction INCREMENT
  DEBUG   machine:execute_next_instruction tick=250  acr=0x6f ipr=0xa adr=0x1ffc dar=0x9 spr=0x1ffc flr=0x1 stack_top=0x9
  DEBUG   machine:execute_next_instruction LOAD
  DEBUG   machine:execute_next_instruction tick=253  acr=0x9 ipr=0xb adr=0x1ffc dar=0x9 spr=0x1ffc flr=0x1 stack_top=0x9
  DEBUG   machine:execute_next_instruction COMPARE
  DEBUG   machine:execute_next_instruction tick=255  acr=0x9 ipr=0xc adr=0x1ffc dar=0x80 spr=0x1ffc flr=0x8 stack_top=0x9
  DEBUG   machine:execute_next_instruction JUMP_EQUAL
  DEBUG   machine:execute_next_instruction tick=256  acr=0x9 ipr=0xd adr=0x1ffc dar=0x80 spr=0x1ffc flr=0x8 stack_top=0x9
  DEBUG   machine:execute_next_instruction JUMP
  DEBUG   machine:execute_next_instruction tick=258  acr=0x9 ipr=0x4 adr=0xd dar=0x80 spr=0x1ffc flr=0x8 stack_top=0x9
  DEBUG   machine:execute_next_instruction LOAD
  DEBUG   machine:execute_next_instruction tick=263  acr=0x72 ipr=0x5 adr=0x1d dar=0x72 spr=0x1ffc flr=0x8 stack_top=0x9
  DEBUG   machine:execute_next_instruction COMPARE
  DEBUG   machine:execute_next_instruction tick=265  acr=0x72 ipr=0x6 adr=0x1d dar=0x0 spr=0x1ffc flr=0x1 stack_top=0x9
  DEBUG   machine:execute_next_instruction JUMP_EQUAL
  DEBUG   machine:execute_next_instruction tick=266  acr=0x72 ipr=0x7 adr=0x1d dar=0x0 spr=0x1ffc flr=0x1 stack_top=0x9
  DEBUG   machine:execute_next_instruction STORE
  DEBUG   machine:signal_write_memory output: 'Hello, wo' <- 'r'
  DEBUG   machine:execute_next_instruction tick=269  acr=0x72 ipr=0x8 adr=0x15b4 dar=0x72 spr=0x1ffc flr=0x1 stack_top=0x9
  DEBUG   machine:execute_next_instruction INCREMENT
  DEBUG   machine:execute_next_instruction tick=273  acr=0x72 ipr=0x9 adr=0x1ffd dar=0x1e spr=0x1ffc flr=0x1 stack_top=0x9
  DEBUG   machine:execute_next_instruction INCREMENT
  DEBUG   machine:execute_next_instruction tick=277  acr=0x72 ipr=0xa adr=0x1ffc dar=0xa spr=0x1ffc flr=0x1 stack_top=0xa
  DEBUG   machine:execute_next_instruction LOAD
  DEBUG   machine:execute_next_instruction tick=280  acr=0xa ipr=0xb adr=0x1ffc dar=0xa spr=0x1ffc flr=0x1 stack_top=0xa
  DEBUG   machine:execute_next_instruction COMPARE
  DEBUG   machine:execute_next_instruction tick=282  acr=0xa ipr=0xc adr=0x1ffc dar=0x80 spr=0x1ffc flr=0x8 stack_top=0xa
  DEBUG   machine:execute_next_instruction JUMP_EQUAL
  DEBUG   machine:execute_next_instruction tick=283  acr=0xa ipr=0xd adr=0x1ffc dar=0x80 spr=0x1ffc flr=0x8 stack_top=0xa
  DEBUG   machine:execute_next_instruction JUMP
  DEBUG   machine:execute_next_instruction tick=285  acr=0xa ipr=0x4 adr=0xd dar=0x80 spr=0x1ffc flr=0x8 stack_top=0xa
  DEBUG   machine:execute_next_instruction LOAD
  DEBUG   machine:execute_next_instruction tick=290  acr=0x6c ipr=0x5 adr=0x1e dar=0x6c spr=0x1ffc flr=0x8 stack_top=0xa
  DEBUG   machine:execute_next_instruction COMPARE
  DEBUG   machine:execute_next_instruction tick=292  acr=0x6c ipr=0x6 adr=0x1e dar=0x0 spr=0x1ffc flr=0x1 stack_top=0xa
  DEBUG   machine:execute_next_instruction JUMP_EQUAL
  DEBUG   machine:execute_next_instruction tick=293  acr=0x6c ipr=0x7 adr=0x1e dar=0x0 spr=0x1ffc flr=0x1 stack_top=0xa
  DEBUG   machine:execute_next_instruction STORE
  DEBUG   machine:signal_write_memory output: 'Hello, wor' <- 'l'
  DEBUG   machine:execute_next_instruction tick=296  acr=0x6c ipr=0x8 adr=0x15b4 dar=0x6c spr=0x1ffc flr=0x1 stack_top=0xa
  DEBUG   machine:execute_next_instruction INCREMENT
  DEBUG   machine:execute_next_instruction tick=300  acr=0x6c ipr=0x9 adr=0x1ffd dar=0x1f spr=0x1ffc flr=0x1 stack_top=0xa
  DEBUG   machine:execute_next_instruction INCREMENT
  DEBUG   machine:execute_next_instruction tick=304  acr=0x6c ipr=0xa adr=0x1ffc dar=0xb spr=0x1ffc flr=0x1 stack_top=0xb
  DEBUG   machine:execute_next_instruction LOAD
  DEBUG   machine:execute_next_instruction tick=307  acr=0xb ipr=0xb adr=0x1ffc dar=0xb spr=0x1ffc flr=0x1 stack_top=0xb
  DEBUG   machine:execute_next_instruction COMPARE
  DEBUG   machine:execute_next_instruction tick=309  acr=0xb ipr=0xc adr=0x1ffc dar=0x80 spr=0x1ffc flr=0x8 stack_top=0xb
  DEBUG   machine:execute_next_instruction JUMP_EQUAL
  DEBUG   machine:execute_next_instruction tick=310  acr=0xb ipr=0xd adr=0x1ffc dar=0x80 spr=0x1ffc flr=0x8 stack_top=0xb
  DEBUG   machine:execute_next_instruction JUMP
  DEBUG   machine:execute_next_instruction tick=312  acr=0xb ipr=0x4 adr=0xd dar=0x80 spr=0x1ffc flr=0x8 stack_top=0xb
  DEBUG   machine:execute_next_instruction LOAD
  DEBUG   machine:execute_next_instruction tick=317  acr=0x64 ipr=0x5 adr=0x1f dar=0x64 spr=0x1ffc flr=0x8 stack_top=0xb
  DEBUG   machine:execute_next_instruction COMPARE
  DEBUG   machine:execute_next_instruction tick=319  acr=0x64 ipr=0x6 adr=0x1f dar=0x0 spr=0x1ffc flr=0x1 stack_top=0xb
  DEBUG   machine:execute_next_instruction JUMP_EQUAL
  DEBUG   machine:execute_next_instruction tick=320  acr=0x64 ipr=0x7 adr=0x1f dar=0x0 spr=0x1ffc flr=0x1 stack_top=0xb
  DEBUG   machine:execute_next_instruction STORE
  DEBUG   machine:signal_write_memory output: 'Hello, worl' <- 'd'
  DEBUG   machine:execute_next_instruction tick=323  acr=0x64 ipr=0x8 adr=0x15b4 dar=0x64 spr=0x1ffc flr=0x1 stack_top=0xb
  DEBUG   machine:execute_next_instruction INCREMENT
  DEBUG   machine:execute_next_instruction tick=327  acr=0x64 ipr=0x9 adr=0x1ffd dar=0x20 spr=0x1ffc flr=0x1 stack_top=0xb
  DEBUG   machine:execute_next_instruction INCREMENT
  DEBUG   machine:execute_next_instruction tick=331  acr=0x64 ipr=0xa adr=0x1ffc dar=0xc spr=0x1ffc flr=0x1 stack_top=0xc
  DEBUG   machine:execute_next_instruction LOAD
  DEBUG   machine:execute_next_instruction tick=334  acr=0xc ipr=0xb adr=0x1ffc dar=0xc spr=0x1ffc flr=0x1 stack_top=0xc
  DEBUG   machine:execute_next_instruction COMPARE
  DEBUG   machine:execute_next_instruction tick=336  acr=0xc ipr=0xc adr=0x1ffc dar=0x80 spr=0x1ffc flr=0x8 stack_top=0xc
  DEBUG   machine:execute_next_instruction JUMP_EQUAL
  DEBUG   machine:execute_next_instruction tick=337  acr=0xc ipr=0xd adr=0x1ffc dar=0x80 spr=0x1ffc flr=0x8 stack_top=0xc
  DEBUG   machine:execute_next_instruction JUMP
  DEBUG   machine:execute_next_instruction tick=339  acr=0xc ipr=0x4 adr=0xd dar=0x80 spr=0x1ffc flr=0x8 stack_top=0xc
  DEBUG   machine:execute_next_instruction LOAD
  DEBUG   machine:execute_next_instruction tick=344  acr=0x21 ipr=0x5 adr=0x20 dar=0x21 spr=0x1ffc flr=0x8 stack_top=0xc
  DEBUG   machine:execute_next_instruction COMPARE
  DEBUG   machine:execute_next_instruction tick=346  acr=0x21 ipr=0x6 adr=0x20 dar=0x0 spr=0x1ffc flr=0x1 stack_top=0xc
  DEBUG   machine:execute_next_instruction JUMP_EQUAL
  DEBUG   machine:execute_next_instruction tick=347  acr=0x21 ipr=0x7 adr=0x20 dar=0x0 spr=0x1ffc flr=0x1 stack_top=0xc
  DEBUG   machine:execute_next_instruction STORE
  DEBUG   machine:signal_write_memory output: 'Hello, world' <- '!'
  DEBUG   machine:execute_next_instruction tick=350  acr=0x21 ipr=0x8 adr=0x15b4 dar=0x21 spr=0x1ffc flr=0x1 stack_top=0xc
  DEBUG   machine:execute_next_instruction INCREMENT
  DEBUG   machine:execute_next_instruction tick=354  acr=0x21 ipr=0x9 adr=0x1ffd dar=0x21 spr=0x1ffc flr=0x1 stack_top=0xc
  DEBUG   machine:execute_next_instruction INCREMENT
  DEBUG   machine:execute_next_instruction tick=358  acr=0x21 ipr=0xa adr=0x1ffc dar=0xd spr=0x1ffc flr=0x1 stack_top=0xd
  DEBUG   machine:execute_next_instruction LOAD
  DEBUG   machine:execute_next_instruction tick=361  acr=0xd ipr=0xb adr=0x1ffc dar=0xd spr=0x1ffc flr=0x1 stack_top=0xd
  DEBUG   machine:execute_next_instruction COMPARE
  DEBUG   machine:execute_next_instruction tick=363  acr=0xd ipr=0xc adr=0x1ffc dar=0x80 spr=0x1ffc flr=0x8 stack_top=0xd
  DEBUG   machine:execute_next_instruction JUMP_EQUAL
  DEBUG   machine:execute_next_instruction tick=364  acr=0xd ipr=0xd adr=0x1ffc dar=0x80 spr=0x1ffc flr=0x8 stack_top=0xd
  DEBUG   machine:execute_next_instruction JUMP
  DEBUG   machine:execute_next_instruction tick=366  acr=0xd ipr=0x4 adr=0xd dar=0x80 spr=0x1ffc flr=0x8 stack_top=0xd
  DEBUG   machine:execute_next_instruction LOAD
  DEBUG   machine:execute_next_instruction tick=371  acr=0x0 ipr=0x5 adr=0x21 dar=0x0 spr=0x1ffc flr=0x8 stack_top=0xd
  DEBUG   machine:execute_next_instruction COMPARE
  DEBUG   machine:execute_next_instruction tick=373  acr=0x0 ipr=0x6 adr=0x21 dar=0x0 spr=0x1ffc flr=0x5 stack_top=0xd
  DEBUG   machine:execute_next_instruction JUMP_EQUAL
  DEBUG   machine:execute_next_instruction tick=375  acr=0x0 ipr=0xe adr=0x6 dar=0x0 spr=0x1ffc flr=0x5 stack_top=0xd
  DEBUG   machine:execute_next_instruction POP
  DEBUG   machine:execute_next_instruction tick=379  acr=0xd ipr=0xf adr=0x1ffc dar=0xd spr=0x1ffd flr=0x5 stack_top=0x21
  DEBUG   machine:execute_next_instruction POPN
  DEBUG   machine:execute_next_instruction tick=380  acr=0xd ipr=0x10 adr=0x1ffc dar=0xd spr=0x1ffe flr=0x5 stack_top=0x13
  DEBUG   machine:execute_next_instruction RETURN
  DEBUG   machine:execute_next_instruction tick=384  acr=0xd ipr=0x13 adr=0x1ffe dar=0x13 spr=0x1fff flr=0x5 stack_top=?
  DEBUG   machine:execute_next_instruction HALT
  INFO    machine:main          instr: 142 ticks: 384
