in_source: |
  (defun sum (a b c d e f g h i j)
      (+ a b c d e f g h i j))

  (printi (sum 1 1 1 1 1 1 1 1 1 1))
in_stdin: |

out_code: |-
  [
    {
      "tag": "INSTRUCTION",
      "instr": {
        "op": "jmp",
        "arg": {
          "tag": "*",
          "val": 85
        },
        "desc": "'start' function"
      }
    },
    {
      "tag": "INSTRUCTION",
      "instr": {
        "op": "push"
      }
    },
    {
      "tag": "INSTRUCTION",
      "instr": {
        "op": "ld",
        "arg": {
          "tag": "*sp",
          "val": 2
        }
      }
    },
    {
      "tag": "INSTRUCTION",
      "instr": {
        "op": "add",
        "arg": {
          "tag": "#",
          "val": 20
        }
      }
    },
    {
      "tag": "INSTRUCTION",
      "instr": {
        "op": "st",
        "arg": {
          "tag": "*sp",
          "val": 2
        }
      }
    },
    {
      "tag": "INSTRUCTION",
      "instr": {
        "op": "ld",
        "arg": {
          "tag": "#",
          "val": 0
        }
      }
    },
    {
      "tag": "INSTRUCTION",
      "instr": {
        "op": "st",
        "arg": {
          "tag": "**sp",
          "val": 2
        }
      }
    },
    {
      "tag": "INSTRUCTION",
      "instr": {
        "op": "ld",
        "arg": {
          "tag": "*sp",
          "val": 0
        }
      }
    },
    {
      "tag": "INSTRUCTION",
      "instr": {
        "op": "cmp",
        "arg": {
          "tag": "#",
          "val": 0
        }
      }
    },
    {
      "tag": "INSTRUCTION",
      "instr": {
        "op": "jmge",
        "arg": {
          "tag": "*ip",
          "val": 5
        }
      }
    },
    {
      "tag": "INSTRUCTION",
      "instr": {
        "op": "ld",
        "arg": {
          "tag": "#",
          "val": 45
        }
      }
    },
    {
      "tag": "INSTRUCTION",
      "instr": {
        "op": "st",
        "arg": {
          "tag": "*",
          "val": 5556
        }
      }
    },
    {
      "tag": "INSTRUCTION",
      "instr": {
        "op": "ld",
        "arg": {
          "tag": "*sp",
          "val": 0
        }
      }
    },
    {
      "tag": "INSTRUCTION",
      "instr": {
        "op": "inv"
      }
    },
    {
      "tag": "INSTRUCTION",
      "instr": {
        "op": "push"
      }
    },
    {
      "tag": "INSTRUCTION",
      "instr": {
        "op": "mod",
        "arg": {
          "tag": "#",
          "val": 10
        }
      }
    },
    {
      "tag": "INSTRUCTION",
      "instr": {
        "op": "add",
        "arg": {
          "tag": "#",
          "val": 48
        }
      }
    },
    {
      "tag": "INSTRUCTION",
      "instr": {
        "op": "dec",
        "arg": {
          "tag": "*sp",
          "val": 3
        }
      }
    },
    {
      "tag": "INSTRUCTION",
      "instr": {
        "op": "st",
        "arg": {
          "tag": "**sp",
          "val": 3
        }
      }
    },
    {
      "tag": "INSTRUCTION",
      "instr": {
        "op": "ld",
        "arg": {
          "tag": "*sp",
          "val": 0
        }
      }
    },
    {
      "tag": "INSTRUCTION",
      "instr": {
        "op": "div",
        "arg": {
          "tag": "#",
          "val": 10
        }
      }
    },
    {
      "tag": "INSTRUCTION",
      "instr": {
        "op": "cmp",
        "arg": {
          "tag": "#",
          "val": 0
        }
      }
    },
    {
      "tag": "INSTRUCTION",
      "instr": {
        "op": "jme",
        "arg": {
          "tag": "*ip",
          "val": 3
        }
      }
    },
    {
      "tag": "INSTRUCTION",
      "instr": {
        "op": "st",
        "arg": {
          "tag": "*sp",
          "val": 0
        }
      }
    },
    {
      "tag": "INSTRUCTION",
      "instr": {
        "op": "jmp",
        "arg": {
          "tag": "*ip",
          "val": -9
        }
      }
    },
    {
      "tag": "INSTRUCTION",
      "instr": {
        "op": "pop"
      }
    },
    {
      "tag": "INSTRUCTION",
      "instr": {
        "op": "ld",
        "arg": {
          "tag": "*sp",
          "val": 2
        }
      }
    },
    {
      "tag": "INSTRUCTION",
      "instr": {
        "op": "call",
        "arg": {
          "tag": "*",
          "val": 36
        },
        "desc": "'print' function"
      }
    },
    {
      "tag": "INSTRUCTION",
      "instr": {
        "op": "push"
      }
    },
    {
      "tag": "INSTRUCTION",
      "instr": {
        "op": "ld",
        "arg": {
          "tag": "*sp",
          "val": 1
        }
      }
    },
    {
      "tag": "INSTRUCTION",
      "instr": {
        "op": "cmp",
        "arg": {
          "tag": "#",
          "val": 0
        }
      }
    },
    {
      "tag": "INSTRUCTION",
      "instr": {
        "op": "jmge",
        "arg": {
          "tag": "*ip",
          "val": 2
        }
      }
    },
    {
      "tag": "INSTRUCTION",
      "instr": {
        "op": "inc",
        "arg": {
          "tag": "*sp",
          "val": 0
        }
      }
    },
    {
      "tag": "INSTRUCTION",
      "instr": {
        "op": "pop"
      }
    },
    {
      "tag": "INSTRUCTION",
      "instr": {
        "op": "popn"
      }
    },
    {
      "tag": "INSTRUCTION",
      "instr": {
        "op": "ret"
      }
    },
    {
      "tag": "INSTRUCTION",
      "instr": {
        "op": "push"
      }
    },
    {
      "tag": "INSTRUCTION",
      "instr": {
        "op": "ld",
        "arg": {
          "tag": "#",
          "val": 0
        }
      }
    },
    {
      "tag": "INSTRUCTION",
      "instr": {
        "op": "push"
      }
    },
    {
      "tag": "INSTRUCTION",
      "instr": {
        "op": "ld",
        "arg": {
          "tag": "**sp",
          "val": 1
        }
      }
    },
    {
      "tag": "INSTRUCTION",
      "instr": {
        "op": "cmp",
        "arg": {
          "tag": "#",
          "val": 0
        }
      }
    },
    {
      "tag": "INSTRUCTION",
      "instr": {
        "op": "jme",
        "arg": {
          "tag": "*ip",
          "val": 8
        }
      }
    },
    {
      "tag": "INSTRUCTION",
      "instr": {
        "op": "st",
        "arg": {
          "tag": "*",
          "val": 5556
        }
      }
    },
    {
      "tag": "INSTRUCTION",
      "instr": {
        "op": "inc",
        "arg": {
          "tag": "*sp",
          "val": 1
        }
      }
    },
    {
      "tag": "INSTRUCTION",
      "instr": {
        "op": "inc",
        "arg": {
          "tag": "*sp",
          "val": 0
        }
      }
    },
    {
      "tag": "INSTRUCTION",
      "instr": {
        "op": "ld",
        "arg": {
          "tag": "*sp",
          "val": 0
        }
      }
    },
    {
      "tag": "INSTRUCTION",
      "instr": {
        "op": "cmp",
        "arg": {
          "tag": "#",
          "val": 128
        }
      }
    },
    {
      "tag": "INSTRUCTION",
      "instr": {
        "op": "jme",
        "arg": {
          "tag": "*ip",
          "val": 2
        }
      }
    },
    {
      "tag": "INSTRUCTION",
      "instr": {
        "op": "jmp",
        "arg": {
          "tag": "*ip",
          "val": -9
        }
      }
    },
    {
      "tag": "INSTRUCTION",
      "instr": {
        "op": "pop"
      }
    },
    {
      "tag": "INSTRUCTION",
      "instr": {
        "op": "popn"
      }
    },
    {
      "tag": "INSTRUCTION",
      "instr": {
        "op": "ret"
      }
    },
    {
      "tag": "INSTRUCTION",
      "instr": {
        "op": "push"
      }
    },
    {
      "tag": "INSTRUCTION",
      "instr": {
        "op": "ld",
        "arg": {
          "tag": "*sp",
          "val": 10
        },
        "desc": "'j' argument"
      }
    },
    {
      "tag": "INSTRUCTION",
      "instr": {
        "op": "push"
      }
    },
    {
      "tag": "INSTRUCTION",
      "instr": {
        "op": "ld",
        "arg": {
          "tag": "*sp",
          "val": 10
        },
        "desc": "'i' argument"
      }
    },
    {
      "tag": "INSTRUCTION",
      "instr": {
        "op": "add",
        "arg": {
          "tag": "*sp",
          "val": 0
        }
      }
    },
    {
      "tag": "INSTRUCTION",
      "instr": {
        "op": "st",
        "arg": {
          "tag": "*sp",
          "val": 0
        }
      }
    },
    {
      "tag": "INSTRUCTION",
      "instr": {
        "op": "ld",
        "arg": {
          "tag": "*sp",
          "val": 9
        },
        "desc": "'h' argument"
      }
    },
    {
      "tag": "INSTRUCTION",
      "instr": {
        "op": "add",
        "arg": {
          "tag": "*sp",
          "val": 0
        }
      }
    },
    {
      "tag": "INSTRUCTION",
      "instr": {
        "op": "st",
        "arg": {
          "tag": "*sp",
          "val": 0
        }
      }
    },
    {
      "tag": "INSTRUCTION",
      "instr": {
        "op": "ld",
        "arg": {
          "tag": "*sp",
          "val": 8
        },
        "desc": "'g' argument"
      }
    },
    {
      "tag": "INSTRUCTION",
      "instr": {
        "op": "add",
        "arg": {
          "tag": "*sp",
          "val": 0
        }
      }
    },
    {
      "tag": "INSTRUCTION",
      "instr": {
        "op": "st",
        "arg": {
          "tag": "*sp",
          "val": 0
        }
      }
    },
    {
      "tag": "INSTRUCTION",
      "instr": {
        "op": "ld",
        "arg": {
          "tag": "*sp",
          "val": 7
        },
        "desc": "'f' argument"
      }
    },
    {
      "tag": "INSTRUCTION",
      "instr": {
        "op": "add",
        "arg": {
          "tag": "*sp",
          "val": 0
        }
      }
    },
    {
      "tag": "INSTRUCTION",
      "instr": {
        "op": "st",
        "arg": {
          "tag": "*sp",
          "val": 0
        }
      }
    },
    {
      "tag": "INSTRUCTION",
      "instr": {
        "op": "ld",
        "arg": {
          "tag": "*sp",
          "val": 6
        },
        "desc": "'e' argument"
      }
    },
    {
      "tag": "INSTRUCTION",
      "instr": {
        "op": "add",
        "arg": {
          "tag": "*sp",
          "val": 0
        }
      }
    },
    {
      "tag": "INSTRUCTION",
      "instr": {
        "op": "st",
        "arg": {
          "tag": "*sp",
          "val": 0
        }
      }
    },
    {
      "tag": "INSTRUCTION",
      "instr": {
        "op": "ld",
        "arg": {
          "tag": "*sp",
          "val": 5
        },
        "desc": "'d' argument"
      }
    },
    {
      "tag": "INSTRUCTION",
      "instr": {
        "op": "add",
        "arg": {
          "tag": "*sp",
          "val": 0
        }
      }
    },
    {
      "tag": "INSTRUCTION",
      "instr": {
        "op": "st",
        "arg": {
          "tag": "*sp",
          "val": 0
        }
      }
    },
    {
      "tag": "INSTRUCTION",
      "instr": {
        "op": "ld",
        "arg": {
          "tag": "*sp",
          "val": 4
        },
        "desc": "'c' argument"
      }
    },
    {
      "tag": "INSTRUCTION",
      "instr": {
        "op": "add",
        "arg": {
          "tag": "*sp",
          "val": 0
        }
      }
    },
    {
      "tag": "INSTRUCTION",
      "instr": {
        "op": "st",
        "arg": {
          "tag": "*sp",
          "val": 0
        }
      }
    },
    {
      "tag": "INSTRUCTION",
      "instr": {
        "op": "ld",
        "arg": {
          "tag": "*sp",
          "val": 3
        },
        "desc": "'b' argument"
      }
    },
    {
      "tag": "INSTRUCTION",
      "instr": {
        "op": "add",
        "arg": {
          "tag": "*sp",
          "val": 0
        }
      }
    },
    {
      "tag": "INSTRUCTION",
      "instr": {
        "op": "st",
        "arg": {
          "tag": "*sp",
          "val": 0
        }
      }
    },
    {
      "tag": "INSTRUCTION",
      "instr": {
        "op": "ld",
        "arg": {
          "tag": "*sp",
          "val": 1
        },
        "desc": "'a' argument"
      }
    },
    {
      "tag": "INSTRUCTION",
      "instr": {
        "op": "add",
        "arg": {
          "tag": "*sp",
          "val": 0
        }
      }
    },
    {
      "tag": "INSTRUCTION",
      "instr": {
        "op": "st",
        "arg": {
          "tag": "*sp",
          "val": 0
        }
      }
    },
    {
      "tag": "INSTRUCTION",
      "instr": {
        "op": "pop"
      }
    },
    {
      "tag": "INSTRUCTION",
      "instr": {
        "op": "popn"
      }
    },
    {
      "tag": "INSTRUCTION",
      "instr": {
        "op": "ret"
      }
    },
    {
      "tag": "INSTRUCTION",
      "instr": {
        "op": "ld",
        "arg": {
          "tag": "#",
          "val": 119
        },
        "desc": "'anon$0' const"
      }
    },
    {
      "tag": "INSTRUCTION",
      "instr": {
        "op": "push"
      }
    },
    {
      "tag": "INSTRUCTION",
      "instr": {
        "op": "ld",
        "arg": {
          "tag": "#",
          "val": 1
        }
      }
    },
    {
      "tag": "INSTRUCTION",
      "instr": {
        "op": "push"
      }
    },
    {
      "tag": "INSTRUCTION",
      "instr": {
        "op": "ld",
        "arg": {
          "tag": "#",
          "val": 1
        }
      }
    },
    {
      "tag": "INSTRUCTION",
      "instr": {
        "op": "push"
      }
    },
    {
      "tag": "INSTRUCTION",
      "instr": {
        "op": "ld",
        "arg": {
          "tag": "#",
          "val": 1
        }
      }
    },
    {
      "tag": "INSTRUCTION",
      "instr": {
        "op": "push"
      }
    },
    {
      "tag": "INSTRUCTION",
      "instr": {
        "op": "ld",
        "arg": {
          "tag": "#",
          "val": 1
        }
      }
    },
    {
      "tag": "INSTRUCTION",
      "instr": {
        "op": "push"
      }
    },
    {
      "tag": "INSTRUCTION",
      "instr": {
        "op": "ld",
        "arg": {
          "tag": "#",
          "val": 1
        }
      }
    },
    {
      "tag": "INSTRUCTION",
      "instr": {
        "op": "push"
      }
    },
    {
      "tag": "INSTRUCTION",
      "instr": {
        "op": "ld",
        "arg": {
          "tag": "#",
          "val": 1
        }
      }
    },
    {
      "tag": "INSTRUCTION",
      "instr": {
        "op": "push"
      }
    },
    {
      "tag": "INSTRUCTION",
      "instr": {
        "op": "ld",
        "arg": {
          "tag": "#",
          "val": 1
        }
      }
    },
    {
      "tag": "INSTRUCTION",
      "instr": {
        "op": "push"
      }
    },
    {
      "tag": "INSTRUCTION",
      "instr": {
        "op": "ld",
        "arg": {
          "tag": "#",
          "val": 1
        }
      }
    },
    {
      "tag": "INSTRUCTION",
      "instr": {
        "op": "push"
      }
    },
    {
      "tag": "INSTRUCTION",
      "instr": {
        "op": "ld",
        "arg": {
          "tag": "#",
          "val": 1
        }
      }
    },
    {
      "tag": "INSTRUCTION",
      "instr": {
        "op": "push"
      }
    },
    {
      "tag": "INSTRUCTION",
      "instr": {
        "op": "ld",
        "arg": {
          "tag": "#",
          "val": 1
        }
      }
    },
    {
      "tag": "INSTRUCTION",
      "instr": {
        "op": "call",
        "arg": {
          "tag": "*",
          "val": 52
        },
        "desc": "'sum' function"
      }
    },
    {
      "tag": "INSTRUCTION",
      "instr": {
        "op": "popn"
      }
    },
    {
      "tag": "INSTRUCTION",
      "instr": {
        "op": "popn"
      }
    },
    {
      "tag": "INSTRUCTION",
      "instr": {
        "op": "popn"
      }
    },
    {
      "tag": "INSTRUCTION",
      "instr": {
        "op": "popn"
      }
    },
    {
      "tag": "INSTRUCTION",
      "instr": {
        "op": "popn"
      }
    },
    {
      "tag": "INSTRUCTION",
      "instr": {
        "op": "popn"
      }
    },
    {
      "tag": "INSTRUCTION",
      "instr": {
        "op": "popn"
      }
    },
    {
      "tag": "INSTRUCTION",
      "instr": {
        "op": "popn"
      }
    },
    {
      "tag": "INSTRUCTION",
      "instr": {
        "op": "popn"
      }
    },
    {
      "tag": "INSTRUCTION",
      "instr": {
        "op": "call",
        "arg": {
          "tag": "*",
          "val": 1
        },
        "desc": "'printi' function"
      }
    },
    {
      "tag": "INSTRUCTION",
      "instr": {
        "op": "popn"
      }
    },
    {
      "tag": "INSTRUCTION",
      "instr": {
        "op": "halt"
      }
    }
  ]

out_stdout: |
  LoC: 5 code instr: 119
  10
out_log: |
  DEBUG   machine:execute_next_instruction tick=0    ac=0x0 ip=0x0 ar=0x0 dr=0x0 sp=0x1fff fl=0x0 stack_top=?
  DEBUG   machine:execute_next_instruction JUMP
  DEBUG   machine:execute_next_instruction tick=1    ac=0x0 ip=0x55 ar=0x0 dr=0x0 sp=0x1fff fl=0x0 stack_top=?
  DEBUG   machine:execute_next_instruction LOAD
  DEBUG   machine:execute_next_instruction tick=3    ac=0x77 ip=0x56 ar=0x0 dr=0x77 sp=0x1fff fl=0x0 stack_top=?
  DEBUG   machine:execute_next_instruction PUSH
  DEBUG   machine:execute_next_instruction tick=6    ac=0x77 ip=0x57 ar=0x1ffe dr=0x77 sp=0x1ffe fl=0x0 stack_top=0x77
  DEBUG   machine:execute_next_instruction LOAD
  DEBUG   machine:execute_next_instruction tick=8    ac=0x1 ip=0x58 ar=0x1ffe dr=0x1 sp=0x1ffe fl=0x0 stack_top=0x77
  DEBUG   machine:execute_next_instruction PUSH
  DEBUG   machine:execute_next_instruction tick=11   ac=0x1 ip=0x59 ar=0x1ffd dr=0x1 sp=0x1ffd fl=0x0 stack_top=0x1
  DEBUG   machine:execute_next_instruction LOAD
  DEBUG   machine:execute_next_instruction tick=13   ac=0x1 ip=0x5a ar=0x1ffd dr=0x1 sp=0x1ffd fl=0x0 stack_top=0x1
  DEBUG   machine:execute_next_instruction PUSH
  DEBUG   machine:execute_next_instruction tick=16   ac=0x1 ip=0x5b ar=0x1ffc dr=0x1 sp=0x1ffc fl=0x0 stack_top=0x1
  DEBUG   machine:execute_next_instruction LOAD
  DEBUG   machine:execute_next_instruction tick=18   ac=0x1 ip=0x5c ar=0x1ffc dr=0x1 sp=0x1ffc fl=0x0 stack_top=0x1
  DEBUG   machine:execute_next_instruction PUSH
  DEBUG   machine:execute_next_instruction tick=21   ac=0x1 ip=0x5d ar=0x1ffb dr=0x1 sp=0x1ffb fl=0x0 stack_top=0x1
  DEBUG   machine:execute_next_instruction LOAD
  DEBUG   machine:execute_next_instruction tick=23   ac=0x1 ip=0x5e ar=0x1ffb dr=0x1 sp=0x1ffb fl=0x0 stack_top=0x1
  DEBUG   machine:execute_next_instruction PUSH
  DEBUG   machine:execute_next_instruction tick=26   ac=0x1 ip=0x5f ar=0x1ffa dr=0x1 sp=0x1ffa fl=0x0 stack_top=0x1
  DEBUG   machine:execute_next_instruction LOAD
  DEBUG   machine:execute_next_instruction tick=28   ac=0x1 ip=0x60 ar=0x1ffa dr=0x1 sp=0x1ffa fl=0x0 stack_top=0x1
  DEBUG   machine:execute_next_instruction PUSH
  DEBUG   machine:execute_next_instruction tick=31   ac=0x1 ip=0x61 ar=0x1ff9 dr=0x1 sp=0x1ff9 fl=0x0 stack_top=0x1
  DEBUG   machine:execute_next_instruction LOAD
  DEBUG   machine:execute_next_instruction tick=33   ac=0x1 ip=0x62 ar=0x1ff9 dr=0x1 sp=0x1ff9 fl=0x0 stack_top=0x1
  DEBUG   machine:execute_next_instruction PUSH
  DEBUG   machine:execute_next_instruction tick=36   ac=0x1 ip=0x63 ar=0x1ff8 dr=0x1 sp=0x1ff8 fl=0x0 stack_top=0x1
  DEBUG   machine:execute_next_instruction LOAD
  DEBUG   machine:execute_next_instruction tick=38   ac=0x1 ip=0x64 ar=0x1ff8 dr=0x1 sp=0x1ff8 fl=0x0 stack_top=0x1
  DEBUG   machine:execute_next_instruction PUSH
  DEBUG   machine:execute_next_instruction tick=41   ac=0x1 ip=0x65 ar=0x1ff7 dr=0x1 sp=0x1ff7 fl=0x0 stack_top=0x1
  DEBUG   machine:execute_next_instruction LOAD
  DEBUG   machine:execute_next_instruction tick=43   ac=0x1 ip=0x66 ar=0x1ff7 dr=0x1 sp=0x1ff7 fl=0x0 stack_top=0x1
  DEBUG   machine:execute_next_instruction PUSH
  DEBUG   machine:execute_next_instruction tick=46   ac=0x1 ip=0x67 ar=0x1ff6 dr=0x1 sp=0x1ff6 fl=0x0 stack_top=0x1
  DEBUG   machine:execute_next_instruction LOAD
  DEBUG   machine:execute_next_instruction tick=48   ac=0x1 ip=0x68 ar=0x1ff6 dr=0x1 sp=0x1ff6 fl=0x0 stack_top=0x1
  DEBUG   machine:execute_next_instruction PUSH
  DEBUG   machine:execute_next_instruction tick=51   ac=0x1 ip=0x69 ar=0x1ff5 dr=0x1 sp=0x1ff5 fl=0x0 stack_top=0x1
  DEBUG   machine:execute_next_instruction LOAD
  DEBUG   machine:execute_next_instruction tick=53   ac=0x1 ip=0x6a ar=0x1ff5 dr=0x1 sp=0x1ff5 fl=0x0 stack_top=0x1
  DEBUG   machine:execute_next_instruction CALL
  DEBUG   machine:execute_next_instruction tick=57   ac=0x1 ip=0x34 ar=0x1ff4 dr=0x6b sp=0x1ff4 fl=0x0 stack_top=0x6b
  DEBUG   machine:execute_next_instruction PUSH
  DEBUG   machine:execute_next_instruction tick=60   ac=0x1 ip=0x35 ar=0x1ff3 dr=0x1 sp=0x1ff3 fl=0x0 stack_top=0x1
  DEBUG   machine:execute_next_instruction LOAD
  DEBUG   machine:execute_next_instruction tick=63   ac=0x1 ip=0x36 ar=0x1ffd dr=0x1 sp=0x1ff3 fl=0x0 stack_top=0x1
  DEBUG   machine:execute_next_instruction PUSH
  DEBUG   machine:execute_next_instruction tick=66   ac=0x1 ip=0x37 ar=0x1ff2 dr=0x1 sp=0x1ff2 fl=0x0 stack_top=0x1
  DEBUG   machine:execute_next_instruction LOAD
  DEBUG   machine:execute_next_instruction tick=69   ac=0x1 ip=0x38 ar=0x1ffc dr=0x1 sp=0x1ff2 fl=0x0 stack_top=0x1
  DEBUG   machine:execute_next_instruction ADD
  DEBUG   machine:execute_next_instruction tick=72   ac=0x2 ip=0x39 ar=0x1ff2 dr=0x1 sp=0x1ff2 fl=0x0 stack_top=0x1
  DEBUG   machine:execute_next_instruction STORE
  DEBUG   machine:execute_next_instruction tick=75   ac=0x2 ip=0x3a ar=0x1ff2 dr=0x2 sp=0x1ff2 fl=0x0 stack_top=0x2
  DEBUG   machine:execute_next_instruction LOAD
  DEBUG   machine:execute_next_instruction tick=78   ac=0x1 ip=0x3b ar=0x1ffb dr=0x1 sp=0x1ff2 fl=0x0 stack_top=0x2
  DEBUG   machine:execute_next_instruction ADD
  DEBUG   machine:execute_next_instruction tick=81   ac=0x3 ip=0x3c ar=0x1ff2 dr=0x2 sp=0x1ff2 fl=0x0 stack_top=0x2
  DEBUG   machine:execute_next_instruction STORE
  DEBUG   machine:execute_next_instruction tick=84   ac=0x3 ip=0x3d ar=0x1ff2 dr=0x3 sp=0x1ff2 fl=0x0 stack_top=0x3
  DEBUG   machine:execute_next_instruction LOAD
  DEBUG   machine:execute_next_instruction tick=87   ac=0x1 ip=0x3e ar=0x1ffa dr=0x1 sp=0x1ff2 fl=0x0 stack_top=0x3
  DEBUG   machine:execute_next_instruction ADD
  DEBUG   machine:execute_next_instruction tick=90   ac=0x4 ip=0x3f ar=0x1ff2 dr=0x3 sp=0x1ff2 fl=0x0 stack_top=0x3
  DEBUG   machine:execute_next_instruction STORE
  DEBUG   machine:execute_next_instruction tick=93   ac=0x4 ip=0x40 ar=0x1ff2 dr=0x4 sp=0x1ff2 fl=0x0 stack_top=0x4
  DEBUG   machine:execute_next_instruction LOAD
  DEBUG   machine:execute_next_instruction tick=96   ac=0x1 ip=0x41 ar=0x1ff9 dr=0x1 sp=0x1ff2 fl=0x0 stack_top=0x4
  DEBUG   machine:execute_next_instruction ADD
  DEBUG   machine:execute_next_instruction tick=99   ac=0x5 ip=0x42 ar=0x1ff2 dr=0x4 sp=0x1ff2 fl=0x0 stack_top=0x4
  DEBUG   machine:execute_next_instruction STORE
  DEBUG   machine:execute_next_instruction tick=102  ac=0x5 ip=0x43 ar=0x1ff2 dr=0x5 sp=0x1ff2 fl=0x0 stack_top=0x5
  DEBUG   machine:execute_next_instruction LOAD
  DEBUG   machine:execute_next_instruction tick=105  ac=0x1 ip=0x44 ar=0x1ff8 dr=0x1 sp=0x1ff2 fl=0x0 stack_top=0x5
  DEBUG   machine:execute_next_instruction ADD
  DEBUG   machine:execute_next_instruction tick=108  ac=0x6 ip=0x45 ar=0x1ff2 dr=0x5 sp=0x1ff2 fl=0x0 stack_top=0x5
  DEBUG   machine:execute_next_instruction STORE
  DEBUG   machine:execute_next_instruction tick=111  ac=0x6 ip=0x46 ar=0x1ff2 dr=0x6 sp=0x1ff2 fl=0x0 stack_top=0x6
  DEBUG   machine:execute_next_instruction LOAD
  DEBUG   machine:execute_next_instruction tick=114  ac=0x1 ip=0x47 ar=0x1ff7 dr=0x1 sp=0x1ff2 fl=0x0 stack_top=0x6
  DEBUG   machine:execute_next_instruction ADD
  DEBUG   machine:execute_next_instruction tick=117  ac=0x7 ip=0x48 ar=0x1ff2 dr=0x6 sp=0x1ff2 fl=0x0 stack_top=0x6
  DEBUG   machine:execute_next_instruction STORE
  DEBUG   machine:execute_next_instruction tick=120  ac=0x7 ip=0x49 ar=0x1ff2 dr=0x7 sp=0x1ff2 fl=0x0 stack_top=0x7
  DEBUG   machine:execute_next_instruction LOAD
  DEBUG   machine:execute_next_instruction tick=123  ac=0x1 ip=0x4a ar=0x1ff6 dr=0x1 sp=0x1ff2 fl=0x0 stack_top=0x7
  DEBUG   machine:execute_next_instruction ADD
  DEBUG   machine:execute_next_instruction tick=126  ac=0x8 ip=0x4b ar=0x1ff2 dr=0x7 sp=0x1ff2 fl=0x0 stack_top=0x7
  DEBUG   machine:execute_next_instruction STORE
  DEBUG   machine:execute_next_instruction tick=129  ac=0x8 ip=0x4c ar=0x1ff2 dr=0x8 sp=0x1ff2 fl=0x0 stack_top=0x8
  DEBUG   machine:execute_next_instruction LOAD
  DEBUG   machine:execute_next_instruction tick=132  ac=0x1 ip=0x4d ar=0x1ff5 dr=0x1 sp=0x1ff2 fl=0x0 stack_top=0x8
  DEBUG   machine:execute_next_instruction ADD
  DEBUG   machine:execute_next_instruction tick=135  ac=0x9 ip=0x4e ar=0x1ff2 dr=0x8 sp=0x1ff2 fl=0x0 stack_top=0x8
  DEBUG   machine:execute_next_instruction STORE
  DEBUG   machine:execute_next_instruction tick=138  ac=0x9 ip=0x4f ar=0x1ff2 dr=0x9 sp=0x1ff2 fl=0x0 stack_top=0x9
  DEBUG   machine:execute_next_instruction LOAD
  DEBUG   machine:execute_next_instruction tick=141  ac=0x1 ip=0x50 ar=0x1ff3 dr=0x1 sp=0x1ff2 fl=0x0 stack_top=0x9
  DEBUG   machine:execute_next_instruction ADD
  DEBUG   machine:execute_next_instruction tick=144  ac=0xa ip=0x51 ar=0x1ff2 dr=0x9 sp=0x1ff2 fl=0x0 stack_top=0x9
  DEBUG   machine:execute_next_instruction STORE
  DEBUG   machine:execute_next_instruction tick=147  ac=0xa ip=0x52 ar=0x1ff2 dr=0xa sp=0x1ff2 fl=0x0 stack_top=0xa
  DEBUG   machine:execute_next_instruction POP
  DEBUG   machine:execute_next_instruction tick=151  ac=0xa ip=0x53 ar=0x1ff2 dr=0xa sp=0x1ff3 fl=0x0 stack_top=0x1
  DEBUG   machine:execute_next_instruction POPN
  DEBUG   machine:execute_next_instruction tick=152  ac=0xa ip=0x54 ar=0x1ff2 dr=0xa sp=0x1ff4 fl=0x0 stack_top=0x6b
  DEBUG   machine:execute_next_instruction RETURN
  DEBUG   machine:execute_next_instruction tick=156  ac=0xa ip=0x6b ar=0x1ff4 dr=0x6b sp=0x1ff5 fl=0x0 stack_top=0x1
  DEBUG   machine:execute_next_instruction POPN
  DEBUG   machine:execute_next_instruction tick=157  ac=0xa ip=0x6c ar=0x1ff4 dr=0x6b sp=0x1ff6 fl=0x0 stack_top=0x1
  DEBUG   machine:execute_next_instruction POPN
  DEBUG   machine:execute_next_instruction tick=158  ac=0xa ip=0x6d ar=0x1ff4 dr=0x6b sp=0x1ff7 fl=0x0 stack_top=0x1
  DEBUG   machine:execute_next_instruction POPN
  DEBUG   machine:execute_next_instruction tick=159  ac=0xa ip=0x6e ar=0x1ff4 dr=0x6b sp=0x1ff8 fl=0x0 stack_top=0x1
  DEBUG   machine:execute_next_instruction POPN
  DEBUG   machine:execute_next_instruction tick=160  ac=0xa ip=0x6f ar=0x1ff4 dr=0x6b sp=0x1ff9 fl=0x0 stack_top=0x1
  DEBUG   machine:execute_next_instruction POPN
  DEBUG   machine:execute_next_instruction tick=161  ac=0xa ip=0x70 ar=0x1ff4 dr=0x6b sp=0x1ffa fl=0x0 stack_top=0x1
  DEBUG   machine:execute_next_instruction POPN
  DEBUG   machine:execute_next_instruction tick=162  ac=0xa ip=0x71 ar=0x1ff4 dr=0x6b sp=0x1ffb fl=0x0 stack_top=0x1
  DEBUG   machine:execute_next_instruction POPN
  DEBUG   machine:execute_next_instruction tick=163  ac=0xa ip=0x72 ar=0x1ff4 dr=0x6b sp=0x1ffc fl=0x0 stack_top=0x1
  DEBUG   machine:execute_next_instruction POPN
  DEBUG   machine:execute_next_instruction tick=164  ac=0xa ip=0x73 ar=0x1ff4 dr=0x6b sp=0x1ffd fl=0x0 stack_top=0x1
  DEBUG   machine:execute_next_instruction POPN
  DEBUG   machine:execute_next_instruction tick=165  ac=0xa ip=0x74 ar=0x1ff4 dr=0x6b sp=0x1ffe fl=0x0 stack_top=0x77
  DEBUG   machine:execute_next_instruction CALL
  DEBUG   machine:execute_next_instruction tick=169  ac=0xa ip=0x1 ar=0x1ffd dr=0x75 sp=0x1ffd fl=0x0 stack_top=0x75
  DEBUG   machine:execute_next_instruction PUSH
  DEBUG   machine:execute_next_instruction tick=172  ac=0xa ip=0x2 ar=0x1ffc dr=0xa sp=0x1ffc fl=0x0 stack_top=0xa
  DEBUG   machine:execute_next_instruction LOAD
  DEBUG   machine:execute_next_instruction tick=175  ac=0x77 ip=0x3 ar=0x1ffe dr=0x77 sp=0x1ffc fl=0x0 stack_top=0xa
  DEBUG   machine:execute_next_instruction ADD
  DEBUG   machine:execute_next_instruction tick=177  ac=0x8b ip=0x4 ar=0x1ffe dr=0x14 sp=0x1ffc fl=0x0 stack_top=0xa
  DEBUG   machine:execute_next_instruction STORE
  DEBUG   machine:execute_next_instruction tick=180  ac=0x8b ip=0x5 ar=0x1ffe dr=0x8b sp=0x1ffc fl=0x0 stack_top=0xa
  DEBUG   machine:execute_next_instruction LOAD
  DEBUG   machine:execute_next_instruction tick=182  ac=0x0 ip=0x6 ar=0x1ffe dr=0x0 sp=0x1ffc fl=0x0 stack_top=0xa
  DEBUG   machine:execute_next_instruction STORE
  DEBUG   machine:execute_next_instruction tick=187  ac=0x0 ip=0x7 ar=0x8b dr=0x0 sp=0x1ffc fl=0x0 stack_top=0xa
  DEBUG   machine:execute_next_instruction LOAD
  DEBUG   machine:execute_next_instruction tick=190  ac=0xa ip=0x8 ar=0x1ffc dr=0xa sp=0x1ffc fl=0x0 stack_top=0xa
  DEBUG   machine:execute_next_instruction COMPARE
  DEBUG   machine:execute_next_instruction tick=192  ac=0xa ip=0x9 ar=0x1ffc dr=0x0 sp=0x1ffc fl=0x1 stack_top=0xa
  DEBUG   machine:execute_next_instruction JUMP_GREATER_EQUAL
  DEBUG   machine:execute_next_instruction tick=194  ac=0xa ip=0xe ar=0x9 dr=0x0 sp=0x1ffc fl=0x1 stack_top=0xa
  DEBUG   machine:execute_next_instruction PUSH
  DEBUG   machine:execute_next_instruction tick=197  ac=0xa ip=0xf ar=0x1ffb dr=0xa sp=0x1ffb fl=0x1 stack_top=0xa
  DEBUG   machine:execute_next_instruction MODULO
  DEBUG   machine:execute_next_instruction tick=199  ac=0x0 ip=0x10 ar=0x1ffb dr=0xa sp=0x1ffb fl=0x1 stack_top=0xa
  DEBUG   machine:execute_next_instruction ADD
  DEBUG   machine:execute_next_instruction tick=201  ac=0x30 ip=0x11 ar=0x1ffb dr=0x30 sp=0x1ffb fl=0x1 stack_top=0xa
  DEBUG   machine:execute_next_instruction DECREMENT
  DEBUG   machine:execute_next_instruction tick=205  ac=0x30 ip=0x12 ar=0x1ffe dr=0x8a sp=0x1ffb fl=0x1 stack_top=0xa
  DEBUG   machine:execute_next_instruction STORE
  DEBUG   machine:execute_next_instruction tick=210  ac=0x30 ip=0x13 ar=0x8a dr=0x30 sp=0x1ffb fl=0x1 stack_top=0xa
  DEBUG   machine:execute_next_instruction LOAD
  DEBUG   machine:execute_next_instruction tick=213  ac=0xa ip=0x14 ar=0x1ffb dr=0xa sp=0x1ffb fl=0x1 stack_top=0xa
  DEBUG   machine:execute_next_instruction DIVIDE
  DEBUG   machine:execute_next_instruction tick=215  ac=0x1 ip=0x15 ar=0x1ffb dr=0xa sp=0x1ffb fl=0x1 stack_top=0xa
  DEBUG   machine:execute_next_instruction COMPARE
  DEBUG   machine:execute_next_instruction tick=217  ac=0x1 ip=0x16 ar=0x1ffb dr=0x0 sp=0x1ffb fl=0x1 stack_top=0xa
  DEBUG   machine:execute_next_instruction JUMP_EQUAL
  DEBUG   machine:execute_next_instruction tick=218  ac=0x1 ip=0x17 ar=0x1ffb dr=0x0 sp=0x1ffb fl=0x1 stack_top=0xa
  DEBUG   machine:execute_next_instruction STORE
  DEBUG   machine:execute_next_instruction tick=221  ac=0x1 ip=0x18 ar=0x1ffb dr=0x1 sp=0x1ffb fl=0x1 stack_top=0x1
  DEBUG   machine:execute_next_instruction JUMP
  DEBUG   machine:execute_next_instruction tick=223  ac=0x1 ip=0xf ar=0x18 dr=0x1 sp=0x1ffb fl=0x1 stack_top=0x1
  DEBUG   machine:execute_next_instruction MODULO
  DEBUG   machine:execute_next_instruction tick=225  ac=0x1 ip=0x10 ar=0x18 dr=0xa sp=0x1ffb fl=0x1 stack_top=0x1
  DEBUG   machine:execute_next_instruction ADD
  DEBUG   machine:execute_next_instruction tick=227  ac=0x31 ip=0x11 ar=0x18 dr=0x30 sp=0x1ffb fl=0x1 stack_top=0x1
  DEBUG   machine:execute_next_instruction DECREMENT
  DEBUG   machine:execute_next_instruction tick=231  ac=0x31 ip=0x12 ar=0x1ffe dr=0x89 sp=0x1ffb fl=0x1 stack_top=0x1
  DEBUG   machine:execute_next_instruction STORE
  DEBUG   machine:execute_next_instruction tick=236  ac=0x31 ip=0x13 ar=0x89 dr=0x31 sp=0x1ffb fl=0x1 stack_top=0x1
  DEBUG   machine:execute_next_instruction LOAD
  DEBUG   machine:execute_next_instruction tick=239  ac=0x1 ip=0x14 ar=0x1ffb dr=0x1 sp=0x1ffb fl=0x1 stack_top=0x1
  DEBUG   machine:execute_next_instruction DIVIDE
  DEBUG   machine:execute_next_instruction tick=241  ac=0x0 ip=0x15 ar=0x1ffb dr=0xa sp=0x1ffb fl=0x1 stack_top=0x1
  DEBUG   machine:execute_next_instruction COMPARE
  DEBUG   machine:execute_next_instruction tick=243  ac=0x0 ip=0x16 ar=0x1ffb dr=0x0 sp=0x1ffb fl=0x5 stack_top=0x1
  DEBUG   machine:execute_next_instruction JUMP_EQUAL
  DEBUG   machine:execute_next_instruction tick=245  ac=0x0 ip=0x19 ar=0x16 dr=0x0 sp=0x1ffb fl=0x5 stack_top=0x1
  DEBUG   machine:execute_next_instruction POP
  DEBUG   machine:execute_next_instruction tick=249  ac=0x1 ip=0x1a ar=0x1ffb dr=0x1 sp=0x1ffc fl=0x5 stack_top=0xa
  DEBUG   machine:execute_next_instruction LOAD
  DEBUG   machine:execute_next_instruction tick=252  ac=0x89 ip=0x1b ar=0x1ffe dr=0x89 sp=0x1ffc fl=0x5 stack_top=0xa
  DEBUG   machine:execute_next_instruction CALL
  DEBUG   machine:execute_next_instruction tick=256  ac=0x89 ip=0x24 ar=0x1ffb dr=0x1c sp=0x1ffb fl=0x5 stack_top=0x1c
  DEBUG   machine:execute_next_instruction PUSH
  DEBUG   machine:execute_next_instruction tick=259  ac=0x89 ip=0x25 ar=0x1ffa dr=0x89 sp=0x1ffa fl=0x5 stack_top=0x89
  DEBUG   machine:execute_next_instruction LOAD
  DEBUG   machine:execute_next_instruction tick=261  ac=0x0 ip=0x26 ar=0x1ffa dr=0x0 sp=0x1ffa fl=0x5 stack_top=0x89
  DEBUG   machine:execute_next_instruction PUSH
  DEBUG   machine:execute_next_instruction tick=264  ac=0x0 ip=0x27 ar=0x1ff9 dr=0x0 sp=0x1ff9 fl=0x5 stack_top=0x0
  DEBUG   machine:execute_next_instruction LOAD
  DEBUG   machine:execute_next_instruction tick=269  ac=0x31 ip=0x28 ar=0x89 dr=0x31 sp=0x1ff9 fl=0x5 stack_top=0x0
  DEBUG   machine:execute_next_instruction COMPARE
  DEBUG   machine:execute_next_instruction tick=271  ac=0x31 ip=0x29 ar=0x89 dr=0x0 sp=0x1ff9 fl=0x1 stack_top=0x0
  DEBUG   machine:execute_next_instruction JUMP_EQUAL
  DEBUG   machine:execute_next_instruction tick=272  ac=0x31 ip=0x2a ar=0x89 dr=0x0 sp=0x1ff9 fl=0x1 stack_top=0x0
  DEBUG   machine:execute_next_instruction STORE
  DEBUG   machine:signal_write_memory output: '' <- '1'
  DEBUG   machine:execute_next_instruction tick=275  ac=0x31 ip=0x2b ar=0x15b4 dr=0x31 sp=0x1ff9 fl=0x1 stack_top=0x0
  DEBUG   machine:execute_next_instruction INCREMENT
  DEBUG   machine:execute_next_instruction tick=279  ac=0x31 ip=0x2c ar=0x1ffa dr=0x8a sp=0x1ff9 fl=0x1 stack_top=0x0
  DEBUG   machine:execute_next_instruction INCREMENT
  DEBUG   machine:execute_next_instruction tick=283  ac=0x31 ip=0x2d ar=0x1ff9 dr=0x1 sp=0x1ff9 fl=0x1 stack_top=0x1
  DEBUG   machine:execute_next_instruction LOAD
  DEBUG   machine:execute_next_instruction tick=286  ac=0x1 ip=0x2e ar=0x1ff9 dr=0x1 sp=0x1ff9 fl=0x1 stack_top=0x1
  DEBUG   machine:execute_next_instruction COMPARE
  DEBUG   machine:execute_next_instruction tick=288  ac=0x1 ip=0x2f ar=0x1ff9 dr=0x80 sp=0x1ff9 fl=0x8 stack_top=0x1
  DEBUG   machine:execute_next_instruction JUMP_EQUAL
  DEBUG   machine:execute_next_instruction tick=289  ac=0x1 ip=0x30 ar=0x1ff9 dr=0x80 sp=0x1ff9 fl=0x8 stack_top=0x1
  DEBUG   machine:execute_next_instruction JUMP
  DEBUG   machine:execute_next_instruction tick=291  ac=0x1 ip=0x27 ar=0x30 dr=0x80 sp=0x1ff9 fl=0x8 stack_top=0x1
  DEBUG   machine:execute_next_instruction LOAD
  DEBUG   machine:execute_next_instruction tick=296  ac=0x30 ip=0x28 ar=0x8a dr=0x30 sp=0x1ff9 fl=0x8 stack_top=0x1
  DEBUG   machine:execute_next_instruction COMPARE
  DEBUG   machine:execute_next_instruction tick=298  ac=0x30 ip=0x29 ar=0x8a dr=0x0 sp=0x1ff9 fl=0x1 stack_top=0x1
  DEBUG   machine:execute_next_instruction JUMP_EQUAL
  DEBUG   machine:execute_next_instruction tick=299  ac=0x30 ip=0x2a ar=0x8a dr=0x0 sp=0x1ff9 fl=0x1 stack_top=0x1
  DEBUG   machine:execute_next_instruction STORE
  DEBUG   machine:signal_write_memory output: '1' <- '0'
  DEBUG   machine:execute_next_instruction tick=302  ac=0x30 ip=0x2b ar=0x15b4 dr=0x30 sp=0x1ff9 fl=0x1 stack_top=0x1
  DEBUG   machine:execute_next_instruction INCREMENT
  DEBUG   machine:execute_next_instruction tick=306  ac=0x30 ip=0x2c ar=0x1ffa dr=0x8b sp=0x1ff9 fl=0x1 stack_top=0x1
  DEBUG   machine:execute_next_instruction INCREMENT
  DEBUG   machine:execute_next_instruction tick=310  ac=0x30 ip=0x2d ar=0x1ff9 dr=0x2 sp=0x1ff9 fl=0x1 stack_top=0x2
  DEBUG   machine:execute_next_instruction LOAD
  DEBUG   machine:execute_next_instruction tick=313  ac=0x2 ip=0x2e ar=0x1ff9 dr=0x2 sp=0x1ff9 fl=0x1 stack_top=0x2
  DEBUG   machine:execute_next_instruction COMPARE
  DEBUG   machine:execute_next_instruction tick=315  ac=0x2 ip=0x2f ar=0x1ff9 dr=0x80 sp=0x1ff9 fl=0x8 stack_top=0x2
  DEBUG   machine:execute_next_instruction JUMP_EQUAL
  DEBUG   machine:execute_next_instruction tick=316  ac=0x2 ip=0x30 ar=0x1ff9 dr=0x80 sp=0x1ff9 fl=0x8 stack_top=0x2
  DEBUG   machine:execute_next_instruction JUMP
  DEBUG   machine:execute_next_instruction tick=318  ac=0x2 ip=0x27 ar=0x30 dr=0x80 sp=0x1ff9 fl=0x8 stack_top=0x2
  DEBUG   machine:execute_next_instruction LOAD
  DEBUG   machine:execute_next_instruction tick=323  ac=0x0 ip=0x28 ar=0x8b dr=0x0 sp=0x1ff9 fl=0x8 stack_top=0x2
  DEBUG   machine:execute_next_instruction COMPARE
  DEBUG   machine:execute_next_instruction tick=325  ac=0x0 ip=0x29 ar=0x8b dr=0x0 sp=0x1ff9 fl=0x5 stack_top=0x2
  DEBUG   machine:execute_next_instruction JUMP_EQUAL
  DEBUG   machine:execute_next_instruction tick=327  ac=0x0 ip=0x31 ar=0x29 dr=0x0 sp=0x1ff9 fl=0x5 stack_top=0x2
  DEBUG   machine:execute_next_instruction POP
  DEBUG   machine:execute_next_instruction tick=331  ac=0x2 ip=0x32 ar=0x1ff9 dr=0x2 sp=0x1ffa fl=0x5 stack_top=0x8b
  DEBUG   machine:execute_next_instruction POPN
  DEBUG   machine:execute_next_instruction tick=332  ac=0x2 ip=0x33 ar=0x1ff9 dr=0x2 sp=0x1ffb fl=0x5 stack_top=0x1c
  DEBUG   machine:execute_next_instruction RETURN
  DEBUG   machine:execute_next_instruction tick=336  ac=0x2 ip=0x1c ar=0x1ffb dr=0x1c sp=0x1ffc fl=0x5 stack_top=0xa
  DEBUG   machine:execute_next_instruction PUSH
  DEBUG   machine:execute_next_instruction tick=339  ac=0x2 ip=0x1d ar=0x1ffb dr=0x2 sp=0x1ffb fl=0x5 stack_top=0x2
  DEBUG   machine:execute_next_instruction LOAD
  DEBUG   machine:execute_next_instruction tick=342  ac=0xa ip=0x1e ar=0x1ffc dr=0xa sp=0x1ffb fl=0x5 stack_top=0x2
  DEBUG   machine:execute_next_instruction COMPARE
  DEBUG   machine:execute_next_instruction tick=344  ac=0xa ip=0x1f ar=0x1ffc dr=0x0 sp=0x1ffb fl=0x1 stack_top=0x2
  DEBUG   machine:execute_next_instruction JUMP_GREATER_EQUAL
  DEBUG   machine:execute_next_instruction tick=346  ac=0xa ip=0x21 ar=0x1f dr=0x0 sp=0x1ffb fl=0x1 stack_top=0x2
  DEBUG   machine:execute_next_instruction POP
  DEBUG   machine:execute_next_instruction tick=350  ac=0x2 ip=0x22 ar=0x1ffb dr=0x2 sp=0x1ffc fl=0x1 stack_top=0xa
  DEBUG   machine:execute_next_instruction POPN
  DEBUG   machine:execute_next_instruction tick=351  ac=0x2 ip=0x23 ar=0x1ffb dr=0x2 sp=0x1ffd fl=0x1 stack_top=0x75
  DEBUG   machine:execute_next_instruction RETURN
  DEBUG   machine:execute_next_instruction tick=355  ac=0x2 ip=0x75 ar=0x1ffd dr=0x75 sp=0x1ffe fl=0x1 stack_top=0x89
  DEBUG   machine:execute_next_instruction POPN
  DEBUG   machine:execute_next_instruction tick=356  ac=0x2 ip=0x76 ar=0x1ffd dr=0x75 sp=0x1fff fl=0x1 stack_top=?
  DEBUG   machine:execute_next_instruction HALT
  INFO    machine:main          instr: 134 ticks: 356
